******************************************************************************
                  TI ARM Linker PC v18.12.2                    
******************************************************************************
>> Linked Mon Nov 11 16:11:56 2019

OUTPUT FILE NAME:   <Lab9.out>
ENTRY POINT SYMBOL: "_c_int00_noargs"  address: 000014bd


MEMORY CONFIGURATION

         name            origin    length      used     unused   attr    fill
----------------------  --------  ---------  --------  --------  ----  --------
  MAIN                  00000000   00040000  000017e8  0003e818  R  X
  INFO                  00200000   00004000  00000000  00004000  R  X
  SRAM_CODE             01000000   00010000  00000267  0000fd99  RW X
  SRAM_DATA             20000000   00010000  00000267  0000fd99  RW  


SEGMENT ALLOCATION MAP

run origin  load origin   length   init length attrs members
----------  ----------- ---------- ----------- ----- -------
00000000    00000000    000017e8   000017e8    r-x
  00000000    00000000    000000e4   000000e4    r-- .intvecs
  000000e4    000000e4    00001678   00001678    r-x .text
  0000175c    0000175c    00000044   00000044    r-- .const
  000017a0    000017a0    00000048   00000048    r-- .cinit
20000000    20000000    00000067   00000000    rw-
  20000000    20000000    0000005c   00000000    rw- .data
  2000005c    2000005c    0000000b   00000000    rw- .bss
2000fe00    2000fe00    00000200   00000000    rw-
  2000fe00    2000fe00    00000200   00000000    rw- .stack


SECTION ALLOCATION MAP

 output                                  attributes/
section   page    origin      length       input sections
--------  ----  ----------  ----------   ----------------
.intvecs   0    00000000    000000e4     
                  00000000    000000e4     startup_msp432p401r_ccs.obj (.intvecs:retain)

.text      0    000000e4    00001678     
                  000000e4    000006d8     main.obj (.text:main)
                  000007bc    0000017c     Clock.obj (.text:Clock_Init48MHz)
                  00000938    000000d8     HAL_OPT3001.obj (.text:OPT3001_getLux)
                  00000a10    000000bc     main.obj (.text:Initialize_System)
                  00000acc    000000b4     Encoder.obj (.text:encoder_init)
                  00000b80    000000b0     Bump.obj (.text:Bump_Read)
                  00000c30    000000b0     Motor.obj (.text:motor_init)
                  00000ce0    0000009c     rtsv7M4_T_le_v4SPD16_eabi.lib : memcpy_t2.asm.obj (.text)
                  00000d7c    00000098     Encoder.obj (.text:PORT5_IRQHandler)
                  00000e14    0000008c     HAL_I2C.obj (.text:I2C_read16)
                  00000ea0    0000008c     Button.obj (.text:button_init)
                  00000f2c    00000088     msp432p4xx_driverlib.lib : gpio.o (.text:GPIO_setAsPeripheralModuleFunctionOutputPin)
                  00000fb4    00000078     system_msp432p401r.obj (.text:SystemInit)
                  0000102c    0000006c     msp432p4xx_driverlib.lib : i2c.o (.text:I2C_masterSendMultiByteFinish)
                  00001098    00000068                              : i2c.o (.text:I2C_masterSendMultiByteStart)
                  00001100    00000068     rtsv7M4_T_le_v4SPD16_eabi.lib : copy_decompress_lzss.c.obj (.text:decompress:lzss:__TI_decompress_lzss)
                  00001168    00000062     msp432p4xx_driverlib.lib : i2c.o (.text:I2C_initMaster)
                  000011ca    00000002     startup_msp432p401r_ccs.obj (.text:Default_Handler)
                  000011cc    00000060     Motor.obj (.text:set_left_motor_pwm)
                  0000122c    00000060     Motor.obj (.text:set_right_motor_pwm)
                  0000128c    0000005c     Bump.obj (.text:Bump_Init)
                  000012e8    00000058     Reflectance.obj (.text:Reflectance_Init)
                  00001340    00000048     HAL_I2C.obj (.text:I2C_write16)
                  00001388    00000044     Button.obj (.text:PORT1_IRQHandler)
                  000013cc    00000044     rtsv7M4_T_le_v4SPD16_eabi.lib : autoinit.c.obj (.text:__TI_auto_init_nobinit_nopinit:__TI_auto_init_nobinit_nopinit)
                  00001410    00000040     msp432p4xx_driverlib.lib : i2c.o (.text:I2C_masterReceiveMultiByteFinish)
                  00001450    00000038                              : i2c.o (.text:I2C_masterSendMultiByteStop)
                  00001488    00000034                              : i2c.o (.text:I2C_masterSendMultiByteNext)
                  000014bc    00000034     rtsv7M4_T_le_v4SPD16_eabi.lib : boot_cortex_m.c.obj (.text:_c_int00_noargs:_c_int00_noargs)
                  000014f0    00000030     Motor.obj (.text:set_left_motor_direction)
                  00001520    00000030     Motor.obj (.text:set_right_motor_direction)
                  00001550    0000002c     Clock.obj (.text:Clock_Delay1ms)
                  0000157c    00000020     HAL_I2C.obj (.text:I2C_init)
                  0000159c    0000001c     msp432p4xx_driverlib.lib : i2c.o (.text:I2C_setMode)
                  000015b8    0000001c     HAL_I2C.obj (.text:I2C_setslave)
                  000015d4    0000001c     rtsv7M4_T_le_v4SPD16_eabi.lib : copy_zero_init.c.obj (.text:decompress:ZI:__TI_zero_init_nomemset:__TI_zero_init_nomemset)
                  000015f0    0000001a     msp432p4xx_driverlib.lib : i2c.o (.text:I2C_masterReceiveStart)
                  0000160a    00000018                              : i2c.o (.text:I2C_getInterruptStatus)
                  00001622    00000002     --HOLE-- [fill = 0]
                  00001624    00000018                              : i2c.o (.text:I2C_isBusBusy)
                  0000163c    00000018     HAL_I2C.obj (.text:Init_I2C_GPIO)
                  00001654    00000018     Button.obj (.text:button_S1_pressed)
                  0000166c    00000018     Button.obj (.text:button_S2_pressed)
                  00001684    00000016     msp432p4xx_driverlib.lib : i2c.o (.text:I2C_clearInterruptFlag)
                  0000169a    00000016                              : i2c.o (.text:I2C_disableModule)
                  000016b0    00000016                              : i2c.o (.text:I2C_enableModule)
                  000016c6    00000014                              : i2c.o (.text:I2C_masterReceiveMultiByteNext)
                  000016da    00000014                              : i2c.o (.text:I2C_setSlaveAddress)
                  000016ee    00000014     HAL_OPT3001.obj (.text:OPT3001_init)
                  00001702    00000002     --HOLE-- [fill = 0]
                  00001704    00000010     main.obj (.text:SysTick_Handler)
                  00001714    0000000e     rtsv7M4_T_le_v4SPD16_eabi.lib : copy_decompress_none.c.obj (.text:decompress:none:__TI_decompress_none)
                  00001722    0000000e     Clock.obj (.text:delay)
                  00001730    0000000c     startup_msp432p401r_ccs.obj (.text:Reset_Handler)
                  0000173c    0000000c     Encoder.obj (.text:get_left_motor_count)
                  00001748    0000000c     Encoder.obj (.text:get_right_motor_count)
                  00001754    00000004     rtsv7M4_T_le_v4SPD16_eabi.lib : pre_init.c.obj (.text:_system_pre_init)
                  00001758    00000004                                   : exit.c.obj (.text:abort:abort)

.const     0    0000175c    00000044     
                  0000175c    00000030     msp432p4xx_driverlib.lib : gpio.o (.const:GPIO_PORT_TO_BASE)
                  0000178c    00000014     HAL_I2C.obj (.const:i2cConfig)

.cinit     0    000017a0    00000048     
                  000017a0    00000024     (.cinit..data.load) [load image, compression = lzss]
                  000017c4    0000000c     (__TI_handler_table)
                  000017d0    00000008     (.cinit..bss.load) [load image, compression = zero_init]
                  000017d8    00000010     (__TI_cinit_table)

.init_array 
*          0    00000000    00000000     UNINITIALIZED

.binit     0    00000000    00000000     

.data      0    20000000    0000005c     UNINITIALIZED
                  20000000    00000018     Clock.obj (.data)
                  20000018    00000018     Motor.obj (.data:left_motor_pwm_config)
                  20000030    00000018     Motor.obj (.data:right_motor_pwm_config)
                  20000048    00000009     main.obj (.data)
                  20000051    00000002     Button.obj (.data)
                  20000053    00000001     --HOLE--
                  20000054    00000008     Encoder.obj (.data)

.bss       0    2000005c    0000000b     UNINITIALIZED
                  2000005c    00000004     (.common:lux)
                  20000060    00000001     (.common:bump_data)
                  20000061    00000001     (.common:bump_data0)
                  20000062    00000001     (.common:bump_data1)
                  20000063    00000001     (.common:bump_data2)
                  20000064    00000001     (.common:bump_data3)
                  20000065    00000001     (.common:bump_data4)
                  20000066    00000001     (.common:bump_data5)

.stack     0    2000fe00    00000200     UNINITIALIZED
                  2000fe00    00000004     rtsv7M4_T_le_v4SPD16_eabi.lib : boot_cortex_m.c.obj (.stack)
                  2000fe04    000001fc     --HOLE--

MODULE SUMMARY

       Module                        code   ro data   rw data
       ------                        ----   -------   -------
    .\
       main.obj                      1956   0         40     
       system_msp432p401r.obj        120    0         0      
    +--+-----------------------------+------+---------+---------+
       Total:                        2076   0         40     
                                                             
    .\Library\
       Motor.obj                     464    0         96     
       Clock.obj                     438    0         48     
       Encoder.obj                   356    0         16     
       HAL_I2C.obj                   296    20        0      
       Bump.obj                      268    0         0      
       Button.obj                    256    0         4      
       HAL_OPT3001.obj               236    0         0      
       Reflectance.obj               88     0         0      
    +--+-----------------------------+------+---------+---------+
       Total:                        2402   20        164    
                                                             
    .\ccs\
       startup_msp432p401r_ccs.obj   14     228       0      
    +--+-----------------------------+------+---------+---------+
       Total:                        14     228       0      
                                                             
    C:/ti/simplelink_msp432p4_sdk_3_30_00_13/source/ti/devices/msp432p4xx/driverlib/ccs/msp432p4xx_driverlib.lib
       i2c.o                         690    0         0      
       gpio.o                        136    48        0      
    +--+-----------------------------+------+---------+---------+
       Total:                        826    48        0      
                                                             
    C:\ti\ccs910\ccs\tools\compiler\ti-cgt-arm_18.12.2.LTS\lib\rtsv7M4_T_le_v4SPD16_eabi.lib
       memcpy_t2.asm.obj             156    0         0      
       copy_decompress_lzss.c.obj    104    0         0      
       autoinit.c.obj                68     0         0      
       boot_cortex_m.c.obj           52     0         0      
       copy_zero_init.c.obj          28     0         0      
       copy_decompress_none.c.obj    14     0         0      
       exit.c.obj                    4      0         0      
       pre_init.c.obj                4      0         0      
    +--+-----------------------------+------+---------+---------+
       Total:                        430    0         0      
                                                             
       Stack:                        0      0         1024   
       Linker Generated:             0      72        0      
    +--+-----------------------------+------+---------+---------+
       Grand Total:                  5748   368       1228   


LINKER GENERATED COPY TABLES

__TI_cinit_table @ 000017d8 records: 2, size/record: 8, table size: 16
	.data: load addr=000017a0, load size=00000024 bytes, run addr=20000000, run size=0000005c bytes, compression=lzss
	.bss: load addr=000017d0, load size=00000008 bytes, run addr=2000005c, run size=0000000b bytes, compression=zero_init


LINKER GENERATED HANDLER TABLE

__TI_handler_table @ 000017c4 records: 3, size/record: 4, table size: 12
	index: 0, handler: __TI_decompress_lzss
	index: 1, handler: __TI_decompress_none
	index: 2, handler: __TI_zero_init


GLOBAL SYMBOLS: SORTED ALPHABETICALLY BY Name 

address   name                                       
-------   ----                                       
000011cb  ADC14_IRQHandler                           
000011cb  AES256_IRQHandler                          
0000128d  Bump_Init                                  
00000b81  Bump_Read                                  
000011cb  BusFault_Handler                           
00001759  C$$EXIT                                    
000011cb  COMP_E0_IRQHandler                         
000011cb  COMP_E1_IRQHandler                         
20000008  CPMwait                                    
000011cb  CS_IRQHandler                              
20000000  ClockFrequency                             
00001551  Clock_Delay1ms                             
000007bd  Clock_Init48MHz                            
20000014  Crystalstable                              
000011cb  DMA_ERR_IRQHandler                         
000011cb  DMA_INT0_IRQHandler                        
000011cb  DMA_INT1_IRQHandler                        
000011cb  DMA_INT2_IRQHandler                        
000011cb  DMA_INT3_IRQHandler                        
000011cb  DebugMon_Handler                           
000011cb  Default_Handler                            
000011cb  EUSCIA0_IRQHandler                         
000011cb  EUSCIA1_IRQHandler                         
000011cb  EUSCIA2_IRQHandler                         
000011cb  EUSCIA3_IRQHandler                         
000011cb  EUSCIB0_IRQHandler                         
000011cb  EUSCIB1_IRQHandler                         
000011cb  EUSCIB2_IRQHandler                         
000011cb  EUSCIB3_IRQHandler                         
000011cb  FLCTL_IRQHandler                           
000011cb  FPU_IRQHandler                             
00000f2d  GPIO_setAsPeripheralModuleFunctionOutputPin
000011cb  HardFault_Handler                          
00001685  I2C_clearInterruptFlag                     
0000169b  I2C_disableModule                          
000016b1  I2C_enableModule                           
0000160b  I2C_getInterruptStatus                     
0000157d  I2C_init                                   
00001169  I2C_initMaster                             
00001625  I2C_isBusBusy                              
00001411  I2C_masterReceiveMultiByteFinish           
000016c7  I2C_masterReceiveMultiByteNext             
000015f1  I2C_masterReceiveStart                     
0000102d  I2C_masterSendMultiByteFinish              
00001489  I2C_masterSendMultiByteNext                
00001099  I2C_masterSendMultiByteStart               
00001451  I2C_masterSendMultiByteStop                
00000e15  I2C_read16                                 
0000159d  I2C_setMode                                
000016db  I2C_setSlaveAddress                        
000015b9  I2C_setslave                               
00001341  I2C_write16                                
20000010  IFlags                                     
0000163d  Init_I2C_GPIO                              
00000a11  Initialize_System                          
000011cb  MemManage_Handler                          
000011cb  NMI_Handler                                
00000939  OPT3001_getLux                             
000016ef  OPT3001_init                               
000011cb  PCM_IRQHandler                             
00001389  PORT1_IRQHandler                           
00001389  PORT1_IRQHandler                           
000011cb  PORT2_IRQHandler                           
000011cb  PORT3_IRQHandler                           
000011cb  PORT4_IRQHandler                           
00000d7d  PORT5_IRQHandler                           
00000d7d  PORT5_IRQHandler                           
000011cb  PORT6_IRQHandler                           
000011cb  PSS_IRQHandler                             
000011cb  PendSV_Handler                             
2000000c  Postwait                                   
20000004  Prewait                                    
000011cb  RTC_C_IRQHandler                           
000012e9  Reflectance_Init                           
00001731  Reset_Handler                              
000011cb  SVC_Handler                                
00001705  SysTick_Handler                            
00001705  SysTick_Handler                            
00000fb5  SystemInit                                 
000011cb  T32_INT1_IRQHandler                        
000011cb  T32_INT2_IRQHandler                        
000011cb  T32_INTC_IRQHandler                        
000011cb  TA0_0_IRQHandler                           
000011cb  TA0_N_IRQHandler                           
000011cb  TA1_0_IRQHandler                           
000011cb  TA1_N_IRQHandler                           
000011cb  TA2_0_IRQHandler                           
000011cb  TA2_N_IRQHandler                           
000011cb  TA3_0_IRQHandler                           
000011cb  TA3_N_IRQHandler                           
000011cb  UsageFault_Handler                         
4000480c  WDTCTL_SYM                                 
000011cb  WDT_A_IRQHandler                           
20010000  __STACK_END                                
00000200  __STACK_SIZE                               
000017d8  __TI_CINIT_Base                            
000017e8  __TI_CINIT_Limit                           
000017c4  __TI_Handler_Table_Base                    
000017d0  __TI_Handler_Table_Limit                   
000013cd  __TI_auto_init_nobinit_nopinit             
00001101  __TI_decompress_lzss                       
00001715  __TI_decompress_none                       
ffffffff  __TI_pprof_out_hndl                        
ffffffff  __TI_prof_data_size                        
ffffffff  __TI_prof_data_start                       
00000000  __TI_static_base__                         
000015d5  __TI_zero_init_nomemset                    
00000ce1  __aeabi_memcpy                             
00000ce1  __aeabi_memcpy4                            
00000ce1  __aeabi_memcpy8                            
ffffffff  __binit__                                  
ffffffff  __c_args__                                 
UNDEFED   __mpu_init                                 
2000fe00  __stack                                    
000014bd  _c_int00_noargs                            
UNDEFED   _system_post_cinit                         
00001755  _system_pre_init                           
00001759  abort                                      
ffffffff  binit                                      
20000060  bump_data                                  
20000061  bump_data0                                 
20000062  bump_data1                                 
20000063  bump_data2                                 
20000064  bump_data3                                 
20000065  bump_data4                                 
20000066  bump_data5                                 
00001655  button_S1_pressed                          
20000051  button_S1_pressed_flag                     
0000166d  button_S2_pressed                          
20000052  button_S2_pressed_flag                     
00000ea1  button_init                                
00001723  delay                                      
00000acd  encoder_init                               
0000173d  get_left_motor_count                       
00001749  get_right_motor_count                      
2000004c  i                                          
0000178c  i2cConfig                                  
00000000  interruptVectors                           
20000054  left_motor_count                           
20000018  left_motor_pwm_config                      
2000005c  lux                                        
000000e5  main                                       
00000ce1  memcpy                                     
00000c31  motor_init                                 
20000058  right_motor_count                          
20000030  right_motor_pwm_config                     
000014f1  set_left_motor_direction                   
000011cd  set_left_motor_pwm                         
00001521  set_right_motor_direction                  
0000122d  set_right_motor_pwm                        
20000050  state                                      
20000048  tick                                       


GLOBAL SYMBOLS: SORTED BY Symbol Address 

address   name                                       
-------   ----                                       
00000000  __TI_static_base__                         
00000000  interruptVectors                           
000000e5  main                                       
00000200  __STACK_SIZE                               
000007bd  Clock_Init48MHz                            
00000939  OPT3001_getLux                             
00000a11  Initialize_System                          
00000acd  encoder_init                               
00000b81  Bump_Read                                  
00000c31  motor_init                                 
00000ce1  __aeabi_memcpy                             
00000ce1  __aeabi_memcpy4                            
00000ce1  __aeabi_memcpy8                            
00000ce1  memcpy                                     
00000d7d  PORT5_IRQHandler                           
00000d7d  PORT5_IRQHandler                           
00000e15  I2C_read16                                 
00000ea1  button_init                                
00000f2d  GPIO_setAsPeripheralModuleFunctionOutputPin
00000fb5  SystemInit                                 
0000102d  I2C_masterSendMultiByteFinish              
00001099  I2C_masterSendMultiByteStart               
00001101  __TI_decompress_lzss                       
00001169  I2C_initMaster                             
000011cb  ADC14_IRQHandler                           
000011cb  AES256_IRQHandler                          
000011cb  BusFault_Handler                           
000011cb  COMP_E0_IRQHandler                         
000011cb  COMP_E1_IRQHandler                         
000011cb  CS_IRQHandler                              
000011cb  DMA_ERR_IRQHandler                         
000011cb  DMA_INT0_IRQHandler                        
000011cb  DMA_INT1_IRQHandler                        
000011cb  DMA_INT2_IRQHandler                        
000011cb  DMA_INT3_IRQHandler                        
000011cb  DebugMon_Handler                           
000011cb  Default_Handler                            
000011cb  EUSCIA0_IRQHandler                         
000011cb  EUSCIA1_IRQHandler                         
000011cb  EUSCIA2_IRQHandler                         
000011cb  EUSCIA3_IRQHandler                         
000011cb  EUSCIB0_IRQHandler                         
000011cb  EUSCIB1_IRQHandler                         
000011cb  EUSCIB2_IRQHandler                         
000011cb  EUSCIB3_IRQHandler                         
000011cb  FLCTL_IRQHandler                           
000011cb  FPU_IRQHandler                             
000011cb  HardFault_Handler                          
000011cb  MemManage_Handler                          
000011cb  NMI_Handler                                
000011cb  PCM_IRQHandler                             
000011cb  PORT2_IRQHandler                           
000011cb  PORT3_IRQHandler                           
000011cb  PORT4_IRQHandler                           
000011cb  PORT6_IRQHandler                           
000011cb  PSS_IRQHandler                             
000011cb  PendSV_Handler                             
000011cb  RTC_C_IRQHandler                           
000011cb  SVC_Handler                                
000011cb  T32_INT1_IRQHandler                        
000011cb  T32_INT2_IRQHandler                        
000011cb  T32_INTC_IRQHandler                        
000011cb  TA0_0_IRQHandler                           
000011cb  TA0_N_IRQHandler                           
000011cb  TA1_0_IRQHandler                           
000011cb  TA1_N_IRQHandler                           
000011cb  TA2_0_IRQHandler                           
000011cb  TA2_N_IRQHandler                           
000011cb  TA3_0_IRQHandler                           
000011cb  TA3_N_IRQHandler                           
000011cb  UsageFault_Handler                         
000011cb  WDT_A_IRQHandler                           
000011cd  set_left_motor_pwm                         
0000122d  set_right_motor_pwm                        
0000128d  Bump_Init                                  
000012e9  Reflectance_Init                           
00001341  I2C_write16                                
00001389  PORT1_IRQHandler                           
00001389  PORT1_IRQHandler                           
000013cd  __TI_auto_init_nobinit_nopinit             
00001411  I2C_masterReceiveMultiByteFinish           
00001451  I2C_masterSendMultiByteStop                
00001489  I2C_masterSendMultiByteNext                
000014bd  _c_int00_noargs                            
000014f1  set_left_motor_direction                   
00001521  set_right_motor_direction                  
00001551  Clock_Delay1ms                             
0000157d  I2C_init                                   
0000159d  I2C_setMode                                
000015b9  I2C_setslave                               
000015d5  __TI_zero_init_nomemset                    
000015f1  I2C_masterReceiveStart                     
0000160b  I2C_getInterruptStatus                     
00001625  I2C_isBusBusy                              
0000163d  Init_I2C_GPIO                              
00001655  button_S1_pressed                          
0000166d  button_S2_pressed                          
00001685  I2C_clearInterruptFlag                     
0000169b  I2C_disableModule                          
000016b1  I2C_enableModule                           
000016c7  I2C_masterReceiveMultiByteNext             
000016db  I2C_setSlaveAddress                        
000016ef  OPT3001_init                               
00001705  SysTick_Handler                            
00001705  SysTick_Handler                            
00001715  __TI_decompress_none                       
00001723  delay                                      
00001731  Reset_Handler                              
0000173d  get_left_motor_count                       
00001749  get_right_motor_count                      
00001755  _system_pre_init                           
00001759  C$$EXIT                                    
00001759  abort                                      
0000178c  i2cConfig                                  
000017c4  __TI_Handler_Table_Base                    
000017d0  __TI_Handler_Table_Limit                   
000017d8  __TI_CINIT_Base                            
000017e8  __TI_CINIT_Limit                           
20000000  ClockFrequency                             
20000004  Prewait                                    
20000008  CPMwait                                    
2000000c  Postwait                                   
20000010  IFlags                                     
20000014  Crystalstable                              
20000018  left_motor_pwm_config                      
20000030  right_motor_pwm_config                     
20000048  tick                                       
2000004c  i                                          
20000050  state                                      
20000051  button_S1_pressed_flag                     
20000052  button_S2_pressed_flag                     
20000054  left_motor_count                           
20000058  right_motor_count                          
2000005c  lux                                        
20000060  bump_data                                  
20000061  bump_data0                                 
20000062  bump_data1                                 
20000063  bump_data2                                 
20000064  bump_data3                                 
20000065  bump_data4                                 
20000066  bump_data5                                 
2000fe00  __stack                                    
20010000  __STACK_END                                
4000480c  WDTCTL_SYM                                 
ffffffff  __TI_pprof_out_hndl                        
ffffffff  __TI_prof_data_size                        
ffffffff  __TI_prof_data_start                       
ffffffff  __binit__                                  
ffffffff  __c_args__                                 
ffffffff  binit                                      
UNDEFED   __mpu_init                                 
UNDEFED   _system_post_cinit                         

[152 symbols]
